[bionick.kwst.net/site/index.html]
[backblue.gif]
[fade.gif]
[index.html]
[bionick.kwst.net/site/css/plugins.css]
[bionick.kwst.net/site/css/style.css]
[bionick.kwst.net/site/css/color.css]
[bionick.kwst.net/site/images/favicon.ico]
[bionick.kwst.net/site/images/logo.png]
[bionick.kwst.net/site/portfolio.html]
[bionick.kwst.net/site/contact.html]
[bionick.kwst.net/site/blog.html]
[bionick.kwst.net/site/portfolio2.html]
[bionick.kwst.net/site/portfolio3.html]
[bionick.kwst.net/site/portfolio-single2.html]
[bionick.kwst.net/site/portfolio-single3.html]
[bionick.kwst.net/site/portfolio-single4.html]
[bionick.kwst.net/site/images/bg/2.jpg]
[bionick.kwst.net/site/images/bg/1.jpg]
[bionick.kwst.net/site/images/bg/3.jpg]
[bionick.kwst.net/site/images/about.jpg]
[bionick.kwst.net/site/images/services/1.jpg]
[bionick.kwst.net/site/images/services/2.jpg]
[bionick.kwst.net/site/images/services/4.jpg]
[bionick.kwst.net/site/images/services/3.jpg]
[bionick.kwst.net/site/images/testimonials/1.jpg]
[bionick.kwst.net/site/images/testimonials/2.jpg]
[bionick.kwst.net/site/images/testimonials/3.jpg]
[bionick.kwst.net/site/js/jquery.min.js]
[bionick.kwst.net/site/index.html]
[bionick.kwst.net/site/css/reset.css]
[bionick.kwst.net/site/js/scripts.js]
[bionick.kwst.net/site/fonts/fontawesome-webfonte0a5.eot]
[bionick.kwst.net/site/fonts/fontawesome-webfontd41d.eot]
[bionick.kwst.net/site/js/plugins.js]
[bionick.kwst.net/site/fonts/fontawesome-webfonte0a5.woff2]
[bionick.kwst.net/site/fonts/fontawesome-webfonte0a5.woff]
[bionick.kwst.net/site/fonts/fontawesome-webfonte0a5.ttf]
[bionick.kwst.net/site/css/plugins.css]
[bionick.kwst.net/site/fonts/bebasneue_bold-webfont.eot]
[bionick.kwst.net/site/fonts/bebasneue_bold-webfont.woff2]
[bionick.kwst.net/site/fonts/fontawesome-webfonte0a5.svg]
[bionick.kwst.net/site/fonts/bebasneue_bold-webfontd41d.eot]
[bionick.kwst.net/site/fonts/bebasneue_bold-webfont.woff]
[bionick.kwst.net/site/fonts/bebasneue_bold-webfont.ttf]
[bionick.kwst.net/site/css/style.css]
[bionick.kwst.net/site/css/color.css]
[bionick.kwst.net/site/images/bg/long/2.jpg]
[bionick.kwst.net/site/fonts/bebasneue_bold-webfont.svg]
[bionick.kwst.net/site/images/folio/thumbs/1.jpg]
[bionick.kwst.net/site/portfolio-single.html]
[bionick.kwst.net/site/images/folio/thumbs/2.jpg]
[bionick.kwst.net/site/images/folio/thumbs/3.jpg]
[bionick.kwst.net/site/images/folio/thumbs/12.jpg]
[bionick.kwst.net/site/images/folio/thumbs/5.jpg]
[bionick.kwst.net/site/images/folio/thumbs/6.jpg]
[bionick.kwst.net/site/images/folio/thumbs/7.jpg]
[bionick.kwst.net/site/images/folio/thumbs/8.jpg]
[bionick.kwst.net/site/images/folio/thumbs/9.jpg]
[bionick.kwst.net/site/images/folio/thumbs/10.jpg]
[bionick.kwst.net/site/images/folio/thumbs/11.jpg]
[bionick.kwst.net/site/images/folio/thumbs/4.jpg]
[bionick.kwst.net/site/portfolio.html]
[bionick.kwst.net/site/images/bg/long/9.jpg]
[bionick.kwst.net/site/contact.html]
[bionick.kwst.net/site/images/bg/long/4.jpg]
[bionick.kwst.net/site/blog-single.html]
[bionick.kwst.net/site/blog.html]
[bionick.kwst.net/site/images/folio/thumbs/15.jpg]
[bionick.kwst.net/site/images/folio/thumbs/16.jpg]
[bionick.kwst.net/site/portfolio2.html]
[bionick.kwst.net/site/images/bg/long/12.jpg]
[bionick.kwst.net/site/portfolio3.html]
[bionick.kwst.net/site/images/folio/single/1.jpg]
[bionick.kwst.net/site/images/folio/single/2.jpg]
[bionick.kwst.net/site/images/folio/single/3.jpg]
[bionick.kwst.net/site/images/folio/single/4.jpg]
[bionick.kwst.net/site/images/folio/thumbs/13.jpg]
[bionick.kwst.net/site/portfolio-single2.html]
[bionick.kwst.net/site/images/bg/7.jpg]
[bionick.kwst.net/site/portfolio-single3.html]
[bionick.kwst.net/site/images/folio/single/5.jpg]
[bionick.kwst.net/site/portfolio-single4.html]
[bionick.kwst.net/site/fonts/fontawesome-webfonte0a5.svg]
[bionick.kwst.net/site/css/owl.video.play.html]
[bionick.kwst.net/site/fonts/bebasneue_bold-webfont.svg]
[bionick.kwst.net/site/images/bg/long/7.jpg]
[bionick.kwst.net/site/portfolio-single.html]
[bionick.kwst.net/site/images/bg/long/8.jpg]
[bionick.kwst.net/site/images/blog/users/1.jpg]
[bionick.kwst.net/site/images/blog/users/2.jpg]
[bionick.kwst.net/site/blog-single.html]
